\BOOKMARK [1][-]{section.1}{\376\377\000I\000n\000t\000r\000o\000d\000u\000c\000t\000i\000o\000n}{}% 1
\BOOKMARK [2][-]{subsection.1.1}{\376\377\000T\000h\000e\000s\000i\000s}{section.1}% 2
\BOOKMARK [2][-]{subsection.1.2}{\376\377\000P\000a\000p\000e\000r\000\040\000o\000r\000g\000a\000n\000i\000z\000a\000t\000i\000o\000n}{section.1}% 3
\BOOKMARK [1][-]{section.2}{\376\377\000B\000a\000c\000k\000g\000r\000o\000u\000n\000d\000\040\000a\000n\000d\000\040\000M\000o\000t\000i\000v\000a\000t\000i\000o\000n}{}% 4
\BOOKMARK [2][-]{subsection.2.1}{\376\377\000T\000h\000e\000\040\000A\000r\000c\000\040\000e\000c\000o\000s\000y\000s\000t\000e\000m\000\040\000g\000a\000p}{section.2}% 5
\BOOKMARK [2][-]{subsection.2.2}{\376\377\000E\000v\000o\000l\000u\000t\000i\000o\000n\000\040\000o\000f\000\040\000d\000e\000c\000e\000n\000t\000r\000a\000l\000i\000z\000e\000d\000\040\000m\000a\000r\000k\000e\000t\000s}{section.2}% 6
\BOOKMARK [2][-]{subsection.2.3}{\376\377\000L\000e\000s\000s\000o\000n\000s\000\040\000f\000r\000o\000m\000\040\000c\000l\000e\000a\000r\000i\000n\000g\000-\000f\000o\000c\000u\000s\000e\000d\000\040\000a\000r\000c\000h\000i\000t\000e\000c\000t\000u\000r\000e\000s}{section.2}% 7
\BOOKMARK [2][-]{subsection.2.4}{\376\377\000A\000r\000c\000h\000i\000t\000e\000c\000t\000u\000r\000a\000l\000\040\000p\000r\000i\000n\000c\000i\000p\000l\000e\000s}{section.2}% 8
\BOOKMARK [2][-]{subsection.2.5}{\376\377\000L\000i\000m\000i\000t\000a\000t\000i\000o\000n\000s\000\040\000o\000f\000\040\000c\000u\000r\000r\000e\000n\000t\000\040\000a\000r\000c\000h\000i\000t\000e\000c\000t\000u\000r\000e\000s}{section.2}% 9
\BOOKMARK [2][-]{subsection.2.6}{\376\377\000R\000e\000s\000e\000a\000r\000c\000h\000\040\000c\000o\000n\000t\000r\000i\000b\000u\000t\000i\000o\000n}{section.2}% 10
\BOOKMARK [1][-]{section.3}{\376\377\000S\000y\000s\000t\000e\000m\000\040\000M\000o\000d\000e\000l}{}% 11
\BOOKMARK [2][-]{subsection.3.1}{\376\377\000A\000c\000t\000o\000r\000s}{section.3}% 12
\BOOKMARK [2][-]{subsection.3.2}{\376\377\000T\000h\000r\000e\000a\000t\000\040\000m\000o\000d\000e\000l}{section.3}% 13
\BOOKMARK [2][-]{subsection.3.3}{\376\377\000D\000e\000s\000i\000g\000n\000\040\000g\000o\000a\000l\000s}{section.3}% 14
\BOOKMARK [1][-]{section.4}{\376\377\000S\000y\000n\000c\000h\000r\000a\000\040\000A\000r\000c\000h\000i\000t\000e\000c\000t\000u\000r\000e}{}% 15
\BOOKMARK [2][-]{subsection.4.1}{\376\377\000A\000r\000c\000h\000i\000t\000e\000c\000t\000u\000r\000a\000l\000\040\000p\000h\000i\000l\000o\000s\000o\000p\000h\000y}{section.4}% 16
\BOOKMARK [2][-]{subsection.4.2}{\376\377\000L\000a\000y\000e\000r\000\040\000r\000e\000s\000p\000o\000n\000s\000i\000b\000i\000l\000i\000t\000i\000e\000s}{section.4}% 17
\BOOKMARK [1][-]{section.5}{\376\377\000C\000l\000e\000a\000r\000i\000n\000g\000\040\000K\000e\000r\000n\000e\000l}{}% 18
\BOOKMARK [2][-]{subsection.5.1}{\376\377\000A\000c\000c\000o\000u\000n\000t\000\040\000m\000o\000d\000e\000l}{section.5}% 19
\BOOKMARK [2][-]{subsection.5.2}{\376\377\000C\000o\000l\000l\000a\000t\000e\000r\000a\000l\000\040\000e\000n\000g\000i\000n\000e}{section.5}% 20
\BOOKMARK [2][-]{subsection.5.3}{\376\377\000P\000o\000s\000i\000t\000i\000o\000n\000\040\000e\000n\000g\000i\000n\000e}{section.5}% 21
\BOOKMARK [2][-]{subsection.5.4}{\376\377\000S\000e\000t\000t\000l\000e\000m\000e\000n\000t\000\040\000e\000n\000g\000i\000n\000e}{section.5}% 22
\BOOKMARK [1][-]{section.6}{\376\377\000P\000o\000r\000t\000f\000o\000l\000i\000o\000\040\000M\000a\000r\000g\000i\000n\000\040\000E\000n\000g\000i\000n\000e}{}% 23
\BOOKMARK [2][-]{subsection.6.1}{\376\377\000M\000o\000t\000i\000v\000a\000t\000i\000o\000n}{section.6}% 24
\BOOKMARK [2][-]{subsection.6.2}{\376\377\000M\000a\000r\000g\000i\000n\000\040\000m\000o\000d\000e\000l}{section.6}% 25
\BOOKMARK [2][-]{subsection.6.3}{\376\377\000R\000i\000s\000k\000\040\000s\000c\000e\000n\000a\000r\000i\000o\000\040\000g\000e\000n\000e\000r\000a\000t\000i\000o\000n}{section.6}% 26
\BOOKMARK [2][-]{subsection.6.4}{\376\377\000L\000i\000q\000u\000i\000d\000a\000t\000i\000o\000n\000\040\000m\000e\000c\000h\000a\000n\000i\000s\000m}{section.6}% 27
\BOOKMARK [2][-]{subsection.6.5}{\376\377\000I\000n\000s\000u\000r\000a\000n\000c\000e\000\040\000f\000u\000n\000d}{section.6}% 28
\BOOKMARK [1][-]{section.7}{\376\377\000P\000r\000o\000g\000r\000a\000m\000m\000a\000b\000l\000e\000\040\000M\000a\000r\000k\000e\000t\000\040\000E\000x\000t\000e\000n\000s\000i\000o\000n\000s}{}% 29
\BOOKMARK [2][-]{subsection.7.1}{\376\377\000E\000x\000t\000e\000n\000s\000i\000o\000n\000\040\000i\000n\000t\000e\000r\000f\000a\000c\000e}{section.7}% 30
\BOOKMARK [2][-]{subsection.7.2}{\376\377\000P\000r\000i\000v\000a\000c\000y\000-\000p\000r\000e\000s\000e\000r\000v\000i\000n\000g\000\040\000p\000e\000r\000p\000e\000t\000u\000a\000l\000\040\000m\000o\000d\000u\000l\000e}{section.7}% 31
\BOOKMARK [2][-]{subsection.7.3}{\376\377\000F\000X\000\040\000p\000e\000r\000p\000e\000t\000u\000a\000l\000\040\000m\000o\000d\000u\000l\000e}{section.7}% 32
\BOOKMARK [2][-]{subsection.7.4}{\376\377\000T\000o\000k\000e\000n\000i\000z\000e\000d\000\040\000R\000W\000A\000\040\000a\000n\000d\000\040\000r\000a\000t\000e\000\040\000m\000o\000d\000u\000l\000e}{section.7}% 33
\BOOKMARK [2][-]{subsection.7.5}{\376\377\000S\000t\000r\000a\000t\000e\000g\000y\000\040\000v\000a\000u\000l\000t\000\040\000m\000o\000d\000u\000l\000e}{section.7}% 34
\BOOKMARK [2][-]{subsection.7.6}{\376\377\000R\000e\000p\000o\000\040\000a\000n\000d\000\040\000b\000a\000s\000i\000s\000\040\000m\000o\000d\000u\000l\000e}{section.7}% 35
\BOOKMARK [1][-]{section.8}{\376\377\000E\000x\000e\000c\000u\000t\000i\000o\000n\000\040\000L\000a\000y\000e\000r}{}% 36
\BOOKMARK [2][-]{subsection.8.1}{\376\377\000P\000u\000b\000l\000i\000c\000\040\000C\000L\000O\000B}{section.8}% 37
\BOOKMARK [2][-]{subsection.8.2}{\376\377\000R\000e\000q\000u\000e\000s\000t\000-\000f\000o\000r\000-\000q\000u\000o\000t\000e\000\040\000\050\000R\000F\000Q\000\051}{section.8}% 38
\BOOKMARK [2][-]{subsection.8.3}{\376\377\000B\000a\000t\000c\000h\000\040\000a\000u\000c\000t\000i\000o\000n\000s}{section.8}% 39
\BOOKMARK [1][-]{section.9}{\376\377\000P\000r\000i\000v\000a\000c\000y\000\040\000A\000r\000c\000h\000i\000t\000e\000c\000t\000u\000r\000e}{}% 40
\BOOKMARK [2][-]{subsection.9.1}{\376\377\000P\000r\000i\000v\000a\000c\000y\000\040\000d\000i\000m\000e\000n\000s\000i\000o\000n\000s}{section.9}% 41
\BOOKMARK [2][-]{subsection.9.2}{\376\377\000P\000r\000i\000v\000a\000c\000y\000\040\000m\000o\000d\000e\000s}{section.9}% 42
\BOOKMARK [2][-]{subsection.9.3}{\376\377\000P\000r\000i\000v\000a\000t\000e\000\040\000o\000r\000d\000e\000r\000\040\000f\000l\000o\000w}{section.9}% 43
\BOOKMARK [1][-]{section.10}{\376\377\000T\000r\000u\000s\000t\000e\000d\000\040\000E\000x\000e\000c\000u\000t\000i\000o\000n\000\040\000E\000n\000v\000i\000r\000o\000n\000m\000e\000n\000t}{}% 44
\BOOKMARK [2][-]{subsection.10.1}{\376\377\000T\000E\000E\000\040\000a\000r\000c\000h\000i\000t\000e\000c\000t\000u\000r\000e}{section.10}% 45
\BOOKMARK [2][-]{subsection.10.2}{\376\377\000T\000E\000E\000\040\000s\000e\000c\000u\000r\000i\000t\000y\000\040\000m\000o\000d\000e\000l}{section.10}% 46
\BOOKMARK [1][-]{section.11}{\376\377\000Z\000e\000r\000o\000-\000K\000n\000o\000w\000l\000e\000d\000g\000e\000\040\000L\000a\000y\000e\000r}{}% 47
\BOOKMARK [2][-]{subsection.11.1}{\376\377\000S\000o\000l\000v\000e\000n\000c\000y\000\040\000p\000r\000o\000o\000f}{section.11}% 48
\BOOKMARK [2][-]{subsection.11.2}{\376\377\000P\000e\000r\000i\000o\000d\000i\000c\000\040\000b\000a\000t\000c\000h\000\040\000v\000e\000r\000i\000f\000i\000c\000a\000t\000i\000o\000n}{section.11}% 49
\BOOKMARK [2][-]{subsection.11.3}{\376\377\000Z\000K\000\040\000f\000o\000r\000\040\000T\000E\000E\000\040\000a\000t\000t\000e\000s\000t\000a\000t\000i\000o\000n\000\040\000v\000e\000r\000i\000f\000i\000c\000a\000t\000i\000o\000n}{section.11}% 50
\BOOKMARK [2][-]{subsection.11.4}{\376\377\000I\000m\000p\000l\000e\000m\000e\000n\000t\000a\000t\000i\000o\000n}{section.11}% 51
\BOOKMARK [2][-]{subsection.11.5}{\376\377\000L\000i\000m\000i\000t\000a\000t\000i\000o\000n\000s}{section.11}% 52
\BOOKMARK [1][-]{section.12}{\376\377\000A\000g\000e\000n\000t\000-\000N\000a\000t\000i\000v\000e\000\040\000F\000i\000n\000a\000n\000c\000i\000a\000l\000\040\000M\000a\000r\000k\000e\000t\000s}{}% 53
\BOOKMARK [2][-]{subsection.12.1}{\376\377\000A\000g\000e\000n\000t\000\040\000a\000c\000c\000o\000u\000n\000t\000s}{section.12}% 54
\BOOKMARK [2][-]{subsection.12.2}{\376\377\000A\000g\000e\000n\000t\000\040\000t\000y\000p\000e\000s}{section.12}% 55
\BOOKMARK [2][-]{subsection.12.3}{\376\377\000A\000g\000e\000n\000t\000\040\000s\000e\000c\000u\000r\000i\000t\000y}{section.12}% 56
\BOOKMARK [1][-]{section.13}{\376\377\000Y\000i\000e\000l\000d\000\040\000a\000n\000d\000\040\000S\000t\000r\000a\000t\000e\000g\000y\000\040\000V\000a\000u\000l\000t\000s}{}% 57
\BOOKMARK [2][-]{subsection.13.1}{\376\377\000Y\000i\000e\000l\000d\000-\000b\000e\000a\000r\000i\000n\000g\000\040\000c\000o\000l\000l\000a\000t\000e\000r\000a\000l\000\040\000t\000i\000e\000r\000s}{section.13}% 58
\BOOKMARK [2][-]{subsection.13.2}{\376\377\000P\000r\000o\000g\000r\000a\000m\000m\000a\000b\000l\000e\000\040\000s\000t\000r\000a\000t\000e\000g\000y\000\040\000v\000a\000u\000l\000t\000s}{section.13}% 59
\BOOKMARK [2][-]{subsection.13.3}{\376\377\000E\000x\000a\000m\000p\000l\000e\000\040\000s\000t\000r\000a\000t\000e\000g\000i\000e\000s}{section.13}% 60
\BOOKMARK [2][-]{subsection.13.4}{\376\377\000R\000e\000p\000o\000\040\000a\000n\000d\000\040\000s\000e\000c\000u\000r\000i\000t\000i\000e\000s\000\040\000l\000e\000n\000d\000i\000n\000g\000\040\000m\000o\000d\000u\000l\000e}{section.13}% 61
\BOOKMARK [2][-]{subsection.13.5}{\376\377\000S\000t\000r\000u\000c\000t\000u\000r\000e\000d\000\040\000p\000r\000o\000d\000u\000c\000t\000\040\000v\000a\000u\000l\000t\000s}{section.13}% 62
\BOOKMARK [1][-]{section.14}{\376\377\000E\000c\000o\000n\000o\000m\000i\000c\000\040\000M\000o\000d\000e\000l}{}% 63
\BOOKMARK [2][-]{subsection.14.1}{\376\377\000F\000e\000e\000\040\000s\000t\000r\000u\000c\000t\000u\000r\000e}{section.14}% 64
\BOOKMARK [2][-]{subsection.14.2}{\376\377\000P\000r\000o\000t\000o\000c\000o\000l\000\040\000s\000u\000s\000t\000a\000i\000n\000a\000b\000i\000l\000i\000t\000y}{section.14}% 65
\BOOKMARK [2][-]{subsection.14.3}{\376\377\000E\000c\000o\000n\000o\000m\000i\000c\000\040\000s\000e\000c\000u\000r\000i\000t\000y}{section.14}% 66
\BOOKMARK [2][-]{subsection.14.4}{\376\377\000I\000n\000c\000e\000n\000t\000i\000v\000e\000\040\000a\000l\000i\000g\000n\000m\000e\000n\000t}{section.14}% 67
\BOOKMARK [2][-]{subsection.14.5}{\376\377\000V\000a\000l\000u\000e\000\040\000p\000r\000o\000p\000o\000s\000i\000t\000i\000o\000n}{section.14}% 68
\BOOKMARK [1][-]{section.15}{\376\377\000A\000r\000c\000\040\000E\000c\000o\000s\000y\000s\000t\000e\000m\000\040\000A\000l\000i\000g\000n\000m\000e\000n\000t}{}% 69
\BOOKMARK [2][-]{subsection.15.1}{\376\377\000A\000l\000i\000g\000n\000m\000e\000n\000t\000\040\000w\000i\000t\000h\000\040\000A\000r\000c\000'\000s\000\040\000p\000h\000i\000l\000o\000s\000o\000p\000h\000y}{section.15}% 70
\BOOKMARK [2][-]{subsection.15.2}{\376\377\000F\000i\000l\000l\000i\000n\000g\000\040\000A\000r\000c\000'\000s\000\040\000i\000n\000f\000r\000a\000s\000t\000r\000u\000c\000t\000u\000r\000e\000\040\000g\000a\000p\000s}{section.15}% 71
\BOOKMARK [2][-]{subsection.15.3}{\376\377\000S\000t\000a\000b\000l\000e\000c\000o\000i\000n\000-\000n\000a\000t\000i\000v\000e\000\040\000s\000e\000t\000t\000l\000e\000m\000e\000n\000t}{section.15}% 72
\BOOKMARK [2][-]{subsection.15.4}{\376\377\000T\000o\000k\000e\000n\000i\000z\000e\000d\000\040\000c\000o\000l\000l\000a\000t\000e\000r\000a\000l\000\040\000v\000i\000a\000\040\000U\000S\000Y\000C}{section.15}% 73
\BOOKMARK [2][-]{subsection.15.5}{\376\377\000N\000a\000n\000o\000p\000a\000y\000m\000e\000n\000t\000s\000\040\000f\000o\000r\000\040\000a\000g\000e\000n\000t\000-\000t\000o\000-\000a\000g\000e\000n\000t\000\040\000s\000e\000t\000t\000l\000e\000m\000e\000n\000t}{section.15}% 74
\BOOKMARK [2][-]{subsection.15.6}{\376\377\000A\000g\000e\000n\000t\000\040\000S\000t\000a\000c\000k\000\040\000i\000n\000t\000e\000g\000r\000a\000t\000i\000o\000n}{section.15}% 75
\BOOKMARK [2][-]{subsection.15.7}{\376\377\000C\000C\000T\000P\000\040\000i\000n\000t\000e\000r\000o\000p\000e\000r\000a\000b\000i\000l\000i\000t\000y}{section.15}% 76
\BOOKMARK [2][-]{subsection.15.8}{\376\377\000R\000e\000s\000t\000r\000i\000c\000t\000e\000d\000\040\000p\000r\000o\000d\000u\000c\000t\000\040\000a\000c\000c\000e\000s\000s}{section.15}% 77
\BOOKMARK [1][-]{section.16}{\376\377\000S\000e\000c\000u\000r\000i\000t\000y\000\040\000A\000n\000a\000l\000y\000s\000i\000s}{}% 78
\BOOKMARK [2][-]{subsection.16.1}{\376\377\000O\000r\000a\000c\000l\000e\000\040\000m\000a\000n\000i\000p\000u\000l\000a\000t\000i\000o\000n}{section.16}% 79
\BOOKMARK [2][-]{subsection.16.2}{\376\377\000L\000i\000q\000u\000i\000d\000a\000t\000i\000o\000n\000\040\000c\000a\000s\000c\000a\000d\000e\000s}{section.16}% 80
\BOOKMARK [2][-]{subsection.16.3}{\376\377\000S\000m\000a\000r\000t\000\040\000c\000o\000n\000t\000r\000a\000c\000t\000\040\000r\000i\000s\000k}{section.16}% 81
\BOOKMARK [2][-]{subsection.16.4}{\376\377\000P\000r\000i\000v\000a\000c\000y\000\040\000a\000s\000s\000u\000m\000p\000t\000i\000o\000n\000s}{section.16}% 82
\BOOKMARK [2][-]{subsection.16.5}{\376\377\000Z\000K\000\040\000a\000s\000s\000u\000m\000p\000t\000i\000o\000n\000s}{section.16}% 83
\BOOKMARK [1][-]{section.17}{\376\377\000R\000e\000l\000a\000t\000e\000d\000\040\000W\000o\000r\000k}{}% 84
\BOOKMARK [2][-]{subsection.17.1}{\376\377\000O\000r\000d\000e\000r\000b\000o\000o\000k\000\040\000a\000n\000d\000\040\000l\000i\000q\000u\000i\000d\000i\000t\000y\000-\000p\000o\000o\000l\000\040\000d\000e\000r\000i\000v\000a\000t\000i\000v\000e\000s}{section.17}% 85
\BOOKMARK [2][-]{subsection.17.2}{\376\377\000L\000a\000y\000e\000r\000\040\000s\000e\000p\000a\000r\000a\000t\000i\000o\000n\000\040\000a\000n\000d\000\040\000s\000p\000e\000c\000i\000a\000l\000i\000z\000a\000t\000i\000o\000n}{section.17}% 86
\BOOKMARK [2][-]{subsection.17.3}{\376\377\000P\000o\000r\000t\000f\000o\000l\000i\000o\000\040\000m\000a\000r\000g\000i\000n}{section.17}% 87
\BOOKMARK [2][-]{subsection.17.4}{\376\377\000M\000o\000d\000u\000l\000a\000r\000\040\000e\000x\000c\000h\000a\000n\000g\000e\000\040\000a\000r\000c\000h\000i\000t\000e\000c\000t\000u\000r\000e\000s}{section.17}% 88
\BOOKMARK [2][-]{subsection.17.5}{\376\377\000P\000r\000i\000v\000a\000t\000e\000\040\000e\000x\000e\000c\000u\000t\000i\000o\000n}{section.17}% 89
\BOOKMARK [2][-]{subsection.17.6}{\376\377\000T\000o\000k\000e\000n\000i\000z\000e\000d\000\040\000y\000i\000e\000l\000d\000\040\000a\000n\000d\000\040\000a\000g\000e\000n\000t\000\040\000i\000n\000f\000r\000a\000s\000t\000r\000u\000c\000t\000u\000r\000e}{section.17}% 90
\BOOKMARK [1][-]{section.18}{\376\377\000I\000m\000p\000l\000e\000m\000e\000n\000t\000a\000t\000i\000o\000n\000\040\000R\000o\000a\000d\000m\000a\000p}{}% 91
\BOOKMARK [2][-]{subsection.18.1}{\376\377\000A\000c\000c\000e\000l\000e\000r\000a\000t\000o\000r\000\040\000M\000V\000P\000:\000\040\000p\000r\000i\000v\000a\000c\000y\000-\000p\000r\000e\000s\000e\000r\000v\000i\000n\000g\000\040\000B\000T\000C\000/\000U\000S\000D\000C\000\040\000p\000e\000r\000p\000e\000t\000u\000a\000l\000\040\000o\000n\000\040\000A\000r\000c\000\040\000T\000e\000s\000t\000n\000e\000t}{section.18}% 92
\BOOKMARK [2][-]{subsection.18.2}{\376\377\000P\000h\000a\000s\000e\000\040\0001\000:\000\040\000p\000r\000o\000d\000u\000c\000t\000i\000o\000n\000\040\000c\000l\000e\000a\000r\000i\000n\000g\000\040\000k\000e\000r\000n\000e\000l\000\040\000a\000n\000d\000\040\000c\000r\000o\000s\000s\000-\000m\000a\000r\000k\000e\000t\000\040\000m\000a\000r\000g\000i\000n}{section.18}% 93
\BOOKMARK [2][-]{subsection.18.3}{\376\377\000P\000h\000a\000s\000e\000\040\0002\000:\000\040\000F\000X\000,\000\040\000R\000W\000A\000,\000\040\000a\000n\000d\000\040\000s\000t\000r\000a\000t\000e\000g\000y\000\040\000v\000a\000u\000l\000t\000s}{section.18}% 94
\BOOKMARK [2][-]{subsection.18.4}{\376\377\000P\000h\000a\000s\000e\000\040\0003\000:\000\040\000a\000g\000e\000n\000t\000-\000n\000a\000t\000i\000v\000e\000\040\000a\000n\000d\000\040\000p\000r\000i\000v\000a\000c\000y\000-\000a\000t\000-\000s\000c\000a\000l\000e\000\040\000i\000n\000f\000r\000a\000s\000t\000r\000u\000c\000t\000u\000r\000e}{section.18}% 95
\BOOKMARK [2][-]{subsection.18.5}{\376\377\000S\000t\000a\000c\000k}{section.18}% 96
\BOOKMARK [1][-]{section.19}{\376\377\000C\000o\000n\000c\000l\000u\000s\000i\000o\000n}{}% 97
